[    0.000000] Linux version 4.15.0-52-generic (buildd@lgw01-amd64-051) (gcc version 7.3.0 (Ubuntu 7.3.0-16ubuntu3)) #56-Ubuntu SMP Tue Jun 4 22:49:08 UTC 2019 (Ubuntu 4.15.0-52.56-generic 4.15.18)
[    0.000000] Command line: BOOT_IMAGE=/boot/vmlinuz-4.15.0-52-generic root=LABEL=cloudimg-rootfs ro console=tty1 console=ttyS0
[    0.000000] KERNEL supported cpus:
[    0.000000]   Intel GenuineIntel
[    0.000000]   AMD AuthenticAMD
[    0.000000]   Centaur CentaurHauls
[    0.000000] x86/fpu: Supporting XSAVE feature 0x001: 'x87 floating point registers'
[    0.000000] x86/fpu: Supporting XSAVE feature 0x002: 'SSE registers'
[    0.000000] x86/fpu: Supporting XSAVE feature 0x004: 'AVX registers'
[    0.000000] x86/fpu: xstate_offset[2]:  576, xstate_sizes[2]:  256
[    0.000000] x86/fpu: Enabled xstate features 0x7, context size is 832 bytes, using 'standard' format.
[    0.000000] e820: BIOS-provided physical RAM map:
[    0.000000] BIOS-e820: [mem 0x0000000000000000-0x000000000009fbff] usable
[    0.000000] BIOS-e820: [mem 0x000000000009fc00-0x000000000009ffff] reserved
[    0.000000] BIOS-e820: [mem 0x00000000000f0000-0x00000000000fffff] reserved
[    0.000000] BIOS-e820: [mem 0x0000000000100000-0x000000009c3effff] usable
[    0.000000] BIOS-e820: [mem 0x000000009c3f0000-0x000000009c3fffff] ACPI data
[    0.000000] BIOS-e820: [mem 0x00000000fec00000-0x00000000fec00fff] reserved
[    0.000000] BIOS-e820: [mem 0x00000000fee00000-0x00000000fee00fff] reserved
[    0.000000] BIOS-e820: [mem 0x00000000fffc0000-0x00000000ffffffff] reserved
[    0.000000] NX (Execute Disable) protection: active
[    0.000000] SMBIOS 2.5 present.
[    0.000000] DMI: innotek GmbH VirtualBox/VirtualBox, BIOS VirtualBox 12/01/2006
[    0.000000] Hypervisor detected: KVM
[    0.000000] e820: last_pfn = 0x9c3f0 max_arch_pfn = 0x400000000
[    0.000000] MTRR: Disabled
[    0.000000] x86/PAT: MTRRs disabled, skipping PAT initialization too.
[    0.000000] CPU MTRRs all blank - virtualized system.
[    0.000000] x86/PAT: Configuration [0-7]: WB  WT  UC- UC  WB  WT  UC- UC  
[    0.000000] found SMP MP-table at [mem 0x0009fff0-0x0009ffff] mapped at [        (ptrval)]
[    0.000000] Scanning 1 areas for low memory corruption
[    0.000000] RAMDISK: [mem 0x35a93000-0x36d40fff]
[    0.000000] ACPI: Early table checksum verification disabled
[    0.000000] ACPI: RSDP 0x00000000000E0000 000024 (v02 VBOX  )
[    0.000000] ACPI: XSDT 0x000000009C3F0030 00003C (v01 VBOX   VBOXXSDT 00000001 ASL  00000061)
[    0.000000] ACPI: FACP 0x000000009C3F00F0 0000F4 (v04 VBOX   VBOXFACP 00000001 ASL  00000061)
[    0.000000] ACPI: DSDT 0x000000009C3F0470 0022EA (v02 VBOX   VBOXBIOS 00000002 INTL 20180105)
[    0.000000] ACPI: FACS 0x000000009C3F0200 000040
[    0.000000] ACPI: FACS 0x000000009C3F0200 000040
[    0.000000] ACPI: APIC 0x000000009C3F0240 00005C (v02 VBOX   VBOXAPIC 00000001 ASL  00000061)
[    0.000000] ACPI: SSDT 0x000000009C3F02A0 0001CC (v01 VBOX   VBOXCPUT 00000002 INTL 20180105)
[    0.000000] No NUMA configuration found
[    0.000000] Faking a node at [mem 0x0000000000000000-0x000000009c3effff]
[    0.000000] NODE_DATA(0) allocated [mem 0x9c3c5000-0x9c3effff]
[    0.000000] kvm-clock: cpu 0, msr 0:9c344001, primary cpu clock
[    0.000000] kvm-clock: Using msrs 4b564d01 and 4b564d00
[    0.000000] kvm-clock: using sched offset of 3705049799 cycles
[    0.000000] clocksource: kvm-clock: mask: 0xffffffffffffffff max_cycles: 0x1cd42e4dffb, max_idle_ns: 881590591483 ns
[    0.000000] Zone ranges:
[    0.000000]   DMA      [mem 0x0000000000001000-0x0000000000ffffff]
[    0.000000]   DMA32    [mem 0x0000000001000000-0x000000009c3effff]
[    0.000000]   Normal   empty
[    0.000000]   Device   empty
[    0.000000] Movable zone start for each node
[    0.000000] Early memory node ranges
[    0.000000]   node   0: [mem 0x0000000000001000-0x000000000009efff]
[    0.000000]   node   0: [mem 0x0000000000100000-0x000000009c3effff]
[    0.000000] Reserved but unavailable: 15474 pages
[    0.000000] Initmem setup node 0 [mem 0x0000000000001000-0x000000009c3effff]
[    0.000000] ACPI: PM-Timer IO Port: 0x4008
[    0.000000] IOAPIC[0]: apic_id 2, version 32, address 0xfec00000, GSI 0-23
[    0.000000] ACPI: INT_SRC_OVR (bus 0 bus_irq 0 global_irq 2 dfl dfl)
[    0.000000] ACPI: INT_SRC_OVR (bus 0 bus_irq 9 global_irq 9 low level)
[    0.000000] Using ACPI (MADT) for SMP configuration information
[    0.000000] smpboot: Allowing 2 CPUs, 0 hotplug CPUs
[    0.000000] PM: Registered nosave memory: [mem 0x00000000-0x00000fff]
[    0.000000] PM: Registered nosave memory: [mem 0x0009f000-0x0009ffff]
[    0.000000] PM: Registered nosave memory: [mem 0x000a0000-0x000effff]
[    0.000000] PM: Registered nosave memory: [mem 0x000f0000-0x000fffff]
[    0.000000] e820: [mem 0x9c400000-0xfebfffff] available for PCI devices
[    0.000000] Booting paravirtualized kernel on KVM
[    0.000000] clocksource: refined-jiffies: mask: 0xffffffff max_cycles: 0xffffffff, max_idle_ns: 7645519600211568 ns
[    0.000000] random: get_random_bytes called from start_kernel+0x99/0x4fd with crng_init=0
[    0.000000] setup_percpu: NR_CPUS:8192 nr_cpumask_bits:2 nr_cpu_ids:2 nr_node_ids:1
[    0.000000] percpu: Embedded 46 pages/cpu @        (ptrval) s151552 r8192 d28672 u1048576
[    0.000000] PV qspinlock hash table entries: 256 (order: 0, 4096 bytes)
[    0.000000] Built 1 zonelists, mobility grouping on.  Total pages: 629865
[    0.000000] Policy zone: DMA32
[    0.000000] Kernel command line: BOOT_IMAGE=/boot/vmlinuz-4.15.0-52-generic root=LABEL=cloudimg-rootfs ro console=tty1 console=ttyS0
[    0.000000] Memory: 2470304K/2559544K available (12300K kernel code, 2473K rwdata, 4272K rodata, 2408K init, 2416K bss, 89240K reserved, 0K cma-reserved)
[    0.000000] SLUB: HWalign=64, Order=0-3, MinObjects=0, CPUs=2, Nodes=1
[    0.000000] Kernel/User page tables isolation: enabled
[    0.000000] ftrace: allocating 39216 entries in 154 pages
[    0.004000] Hierarchical RCU implementation.
[    0.004000] 	RCU restricting CPUs from NR_CPUS=8192 to nr_cpu_ids=2.
[    0.004000] 	Tasks RCU enabled.
[    0.004000] RCU: Adjusting geometry for rcu_fanout_leaf=16, nr_cpu_ids=2
[    0.004000] NR_IRQS: 524544, nr_irqs: 440, preallocated irqs: 16
[    0.004000] Console: colour VGA+ 80x25
[    0.004000] console [tty1] enabled
[    0.004000] console [ttyS0] enabled
[    0.004000] ACPI: Core revision 20170831
[    0.004000] ACPI: 2 ACPI AML tables successfully acquired and loaded
[    0.004000] APIC: Switch to symmetric I/O mode setup
[    0.004188] x2apic enabled
[    0.004714] Switched APIC routing to physical x2apic.
[    0.006115] ..TIMER: vector=0x30 apic1=0 pin1=2 apic2=-1 pin2=-1
[    0.008001] tsc: Detected 1991.999 MHz processor
[    0.008536] Calibrating delay loop (skipped) preset value.. 3983.99 BogoMIPS (lpj=7967996)
[    0.012001] pid_max: default: 32768 minimum: 301
[    0.012563] Security Framework initialized
[    0.013048] Yama: becoming mindful.
[    0.013488] AppArmor: AppArmor initialized
[    0.014993] Dentry cache hash table entries: 524288 (order: 10, 4194304 bytes)
[    0.016000] Inode-cache hash table entries: 262144 (order: 9, 2097152 bytes)
[    0.016025] Mount-cache hash table entries: 8192 (order: 4, 65536 bytes)
[    0.016934] Mountpoint-cache hash table entries: 8192 (order: 4, 65536 bytes)
[    0.017906] mce: CPU supports 0 MCE banks
[    0.020014] Last level iTLB entries: 4KB 64, 2MB 8, 4MB 8
[    0.020623] Last level dTLB entries: 4KB 64, 2MB 0, 4MB 0, 1GB 4
[    0.021291] Spectre V2 : Mitigation: Full generic retpoline
[    0.021917] Spectre V2 : Spectre v2 / SpectreRSB mitigation: Filling RSB on context switch
[    0.022844] Speculative Store Bypass: Vulnerable
[    0.023419] MDS: Vulnerable: Clear CPU buffers attempted, no microcode
[    0.024071] Freeing SMP alternatives memory: 36K
[    0.028000] smpboot: CPU0: Intel(R) Core(TM) i7-8550U CPU @ 1.80GHz (family: 0x6, model: 0x8e, stepping: 0xa)
[    0.028000] Performance Events: unsupported p6 CPU model 142 no PMU driver, software events only.
[    0.028000] Hierarchical SRCU implementation.
[    0.028000] NMI watchdog: Perf event create on CPU 0 failed with -2
[    0.028000] NMI watchdog: Perf NMI watchdog permanently disabled
[    0.028034] smp: Bringing up secondary CPUs ...
[    0.028939] x86: Booting SMP configuration:
[    0.029404] .... node  #0, CPUs:      #1
[    0.004000] kvm-clock: cpu 1, msr 0:9c344041, secondary cpu clock
[    0.004000] mce: CPU supports 0 MCE banks
[    0.032017] smp: Brought up 1 node, 2 CPUs
[    0.032462] smpboot: Max logical packages: 1
[    0.032930] smpboot: Total of 2 processors activated (7967.99 BogoMIPS)
[    0.033739] devtmpfs: initialized
[    0.036058] x86/mm: Memory block size: 128MB
[    0.036696] evm: security.selinux
[    0.037077] evm: security.SMACK64
[    0.037475] evm: security.SMACK64EXEC
[    0.037978] evm: security.SMACK64TRANSMUTE
[    0.038512] evm: security.SMACK64MMAP
[    0.038956] evm: security.apparmor
[    0.039374] evm: security.ima
[    0.039752] evm: security.capability
[    0.040000] clocksource: jiffies: mask: 0xffffffff max_cycles: 0xffffffff, max_idle_ns: 7645041785100000 ns
[    0.040008] futex hash table entries: 512 (order: 3, 32768 bytes)
[    0.044040] pinctrl core: initialized pinctrl subsystem
[    0.044719] RTC time: 17:57:37, date: 06/27/19
[    0.045345] NET: Registered protocol family 16
[    0.045924] audit: initializing netlink subsys (disabled)
[    0.046561] audit: type=2000 audit(1561658263.246:1): state=initialized audit_enabled=0 res=1
[    0.048008] cpuidle: using governor ladder
[    0.048503] cpuidle: using governor menu
[    0.048998] ACPI: bus type PCI registered
[    0.049479] acpiphp: ACPI Hot Plug PCI Controller Driver version: 0.5
[    0.050265] PCI: Using configuration type 1 for base access
[    0.050922] HugeTLB registered 2.00 MiB page size, pre-allocated 0 pages
[    0.052053] ACPI: Added _OSI(Module Device)
[    0.052556] ACPI: Added _OSI(Processor Device)
[    0.053080] ACPI: Added _OSI(3.0 _SCP Extensions)
[    0.053629] ACPI: Added _OSI(Processor Aggregator Device)
[    0.054250] ACPI: Added _OSI(Linux-Dell-Video)
[    0.054848] ACPI: Added _OSI(Linux-Lenovo-NV-HDMI-Audio)
[    0.056002] ACPI: Added _OSI(Linux-HPI-Hybrid-Graphics)
[    0.056811] ACPI: Executed 1 blocks of module-level executable AML code
[    0.060489] ACPI: Interpreter enabled
[    0.060934] ACPI: (supports S0 S5)
[    0.061340] ACPI: Using IOAPIC for interrupt routing
[    0.062111] PCI: Using host bridge windows from ACPI; if necessary, use "pci=nocrs" and report a bug
[    0.063254] ACPI: Enabled 2 GPEs in block 00 to 07
[    0.068091] ACPI: PCI Root Bridge [PCI0] (domain 0000 [bus 00-ff])
[    0.068776] acpi PNP0A03:00: _OSC: OS supports [ASPM ClockPM Segments MSI]
[    0.069915] acpi PNP0A03:00: _OSC: not requesting OS control; OS requires [ExtendedConfig ASPM ClockPM MSI]
[    0.071048] acpi PNP0A03:00: fail to add MMCONFIG information, can't access extended PCI configuration space under this bridge.
[    0.072235] PCI host bridge to bus 0000:00
[    0.072754] pci_bus 0000:00: root bus resource [io  0x0000-0x0cf7 window]
[    0.073487] pci_bus 0000:00: root bus resource [io  0x0d00-0xffff window]
[    0.074221] pci_bus 0000:00: root bus resource [mem 0x000a0000-0x000bffff window]
[    0.076002] pci_bus 0000:00: root bus resource [mem 0x9c400000-0xfdffffff window]
[    0.076875] pci_bus 0000:00: root bus resource [bus 00-ff]
[    0.078881] pci 0000:00:01.1: legacy IDE quirk: reg 0x10: [io  0x01f0-0x01f7]
[    0.079651] pci 0000:00:01.1: legacy IDE quirk: reg 0x14: [io  0x03f6]
[    0.080002] pci 0000:00:01.1: legacy IDE quirk: reg 0x18: [io  0x0170-0x0177]
[    0.080814] pci 0000:00:01.1: legacy IDE quirk: reg 0x1c: [io  0x0376]
[    0.104104] pci 0000:00:07.0: quirk: [io  0x4000-0x403f] claimed by PIIX4 ACPI
[    0.104998] pci 0000:00:07.0: quirk: [io  0x4100-0x410f] claimed by PIIX4 SMB
[    0.112429] ACPI: PCI Interrupt Link [LNKA] (IRQs 5 9 10 *11)
[    0.113365] ACPI: PCI Interrupt Link [LNKB] (IRQs 5 9 *10 11)
[    0.114128] ACPI: PCI Interrupt Link [LNKC] (IRQs 5 *9 10 11)
[    0.114843] ACPI: PCI Interrupt Link [LNKD] (IRQs 5 9 10 *11)
[    0.115807] SCSI subsystem initialized
[    0.116054] pci 0000:00:02.0: vgaarb: setting as boot VGA device
[    0.116685] pci 0000:00:02.0: vgaarb: VGA device added: decodes=io+mem,owns=io+mem,locks=none
[    0.117676] pci 0000:00:02.0: vgaarb: bridge control possible
[    0.118308] vgaarb: loaded
[    0.118669] ACPI: bus type USB registered
[    0.119155] usbcore: registered new interface driver usbfs
[    0.120007] usbcore: registered new interface driver hub
[    0.120627] usbcore: registered new device driver usb
[    0.121293] EDAC MC: Ver: 3.0.0
[    0.121293] PCI: Using ACPI for IRQ routing
[    0.121293] NetLabel: Initializing
[    0.121293] NetLabel:  domain hash size = 128
[    0.124001] NetLabel:  protocols = UNLABELED CIPSOv4 CALIPSO
[    0.124653] NetLabel:  unlabeled traffic allowed by default
[    0.125381] clocksource: Switched to clocksource kvm-clock
[    0.134074] VFS: Disk quotas dquot_6.6.0
[    0.134601] VFS: Dquot-cache hash table entries: 512 (order 0, 4096 bytes)
[    0.135458] AppArmor: AppArmor Filesystem Enabled
[    0.136053] pnp: PnP ACPI init
[    0.137163] pnp: PnP ACPI: found 3 devices
[    0.145928] clocksource: acpi_pm: mask: 0xffffff max_cycles: 0xffffff, max_idle_ns: 2085701024 ns
[    0.146974] NET: Registered protocol family 2
[    0.147664] TCP established hash table entries: 32768 (order: 6, 262144 bytes)
[    0.148559] TCP bind hash table entries: 32768 (order: 7, 524288 bytes)
[    0.149367] TCP: Hash tables configured (established 32768 bind 32768)
[    0.150118] UDP hash table entries: 2048 (order: 4, 65536 bytes)
[    0.150803] UDP-Lite hash table entries: 2048 (order: 4, 65536 bytes)
[    0.151552] NET: Registered protocol family 1
[    0.152075] pci 0000:00:00.0: Limiting direct PCI/PCI transfers
[    0.152774] pci 0000:00:01.0: Activating ISA DMA hang workarounds
[    0.153500] pci 0000:00:02.0: Video device with shadowed ROM at [mem 0x000c0000-0x000dffff]
[    0.154499] Unpacking initramfs...
[    0.366796] Freeing initrd memory: 19128K
[    0.367511] clocksource: tsc: mask: 0xffffffffffffffff max_cycles: 0x396d4ffc055, max_idle_ns: 881590662783 ns
[    0.368765] platform rtc_cmos: registered platform RTC device (no PNP device found)
[    0.369676] Scanning for low memory corruption every 60 seconds
[    0.370850] Initialise system trusted keyrings
[    0.371368] Key type blacklist registered
[    0.371912] workingset: timestamp_bits=36 max_order=20 bucket_order=0
[    0.373391] zbud: loaded
[    0.374177] squashfs: version 4.0 (2009/01/31) Phillip Lougher
[    0.374968] fuse init (API version 7.26)
[    0.376916] Key type asymmetric registered
[    0.377440] Asymmetric key parser 'x509' registered
[    0.378058] Block layer SCSI generic (bsg) driver version 0.4 loaded (major 246)
[    0.378971] io scheduler noop registered
[    0.379445] io scheduler deadline registered
[    0.379957] io scheduler cfq registered (default)
[    0.380786] ACPI: AC Adapter [AC] (off-line)
[    0.381321] input: Power Button as /devices/LNXSYSTM:00/LNXPWRBN:00/input/input0
[    0.382267] ACPI: Power Button [PWRF]
[    0.382758] input: Sleep Button as /devices/LNXSYSTM:00/LNXSLPBN:00/input/input1
[    0.383659] ACPI: Sleep Button [SLPF]
[    0.384911] ACPI: Battery Slot [BAT0] (battery present)
[    0.385676] Serial: 8250/16550 driver, 32 ports, IRQ sharing enabled
 	
 !"#$%&'()*+,-./0123456789:;<=>?@ABCDEFGHIJKLMNOPQRSTUVWXYZ[\]^_`abcdefghijklmnopqrstuvwxyz{|}~€‚ƒ„…†‡ˆ‰Š‹ŒŽ‘’“”•–—˜™š›œžŸ ¡¢£¤¥¦§¨©ª«¬­®¯°±²³´µ¶·¸¹º»¼½¾¿ÀÁÂÃÄÅÆÇÈÉÊËÌÍÎÏÐÑÒÓÔÕÖ×ØÙÚÛÜÝÞßàáâãäåæçèéêëìíîïðñòóôõö÷øùúûüýþÿ[    0.408111] 00:02: ttyS0 at I/O 0x3f8 (irq = 4, base_baud = 115200) is a 16550A
[    0.410877] Linux agpgart interface v0.103
[    0.412535] loop: module loaded
[    0.413314] scsi host0: ata_piix
[    0.413864] scsi host1: ata_piix
[    0.414286] ata1: PATA max UDMA/33 cmd 0x1f0 ctl 0x3f6 bmdma 0xd000 irq 14
[    0.415050] ata2: PATA max UDMA/33 cmd 0x170 ctl 0x376 bmdma 0xd008 irq 15
[    0.415874] libphy: Fixed MDIO Bus: probed
[    0.416382] tun: Universal TUN/TAP device driver, 1.6
[    0.417169] PPP generic driver version 2.4.2
[    0.417787] ehci_hcd: USB 2.0 'Enhanced' Host Controller (EHCI) Driver
[    0.418530] ehci-pci: EHCI PCI platform driver
[    0.419062] ehci-platform: EHCI generic platform driver
[    0.419666] ohci_hcd: USB 1.1 'Open' Host Controller (OHCI) Driver
[    0.420389] ohci-pci: OHCI PCI platform driver
[    0.420919] ohci-platform: OHCI generic platform driver
[    0.421530] uhci_hcd: USB Universal Host Controller Interface driver
[    0.422290] i8042: PNP: PS/2 Controller [PNP0303:PS2K,PNP0f03:PS2M] at 0x60,0x64 irq 1,12
[    0.423602] serio: i8042 KBD port at 0x60,0x64 irq 1
[    0.424223] serio: i8042 AUX port at 0x60,0x64 irq 12
[    0.424966] mousedev: PS/2 mouse device common for all mice
[    0.426230] input: AT Translated Set 2 keyboard as /devices/platform/i8042/serio0/input/input2
[    0.427363] rtc_cmos rtc_cmos: rtc core: registered rtc_cmos as rtc0
[    0.428167] rtc_cmos rtc_cmos: alarms up to one day, 114 bytes nvram
[    0.428887] i2c /dev entries driver
[    0.429365] device-mapper: uevent: version 1.0.3
[    0.430067] device-mapper: ioctl: 4.37.0-ioctl (2017-09-20) initialised: dm-devel@redhat.com
[    0.431143] ledtrig-cpu: registered to indicate activity on CPUs
[    0.432437] NET: Registered protocol family 10
[    0.436139] Segment Routing with IPv6
[    0.436607] NET: Registered protocol family 17
[    0.437171] Key type dns_resolver registered
[    0.437820] RAS: Correctable Errors collector initialized.
[    0.438465] sched_clock: Marking stable (437793367, 0)->(654783101, -216989734)
[    0.439739] registered taskstats version 1
[    0.440284] Loading compiled-in X.509 certificates
[    0.443037] Loaded X.509 cert 'Build time autogenerated kernel key: 090ea8f218b1de455a55c926855dfde92833e981'
[    0.444189] zswap: loaded using pool lzo/zbud
[    0.447424] Key type big_key registered
[    0.447921] Key type trusted registered
[    0.450135] Key type encrypted registered
[    0.450631] AppArmor: AppArmor sha1 policy hashing enabled
[    0.451267] ima: No TPM chip found, activating TPM-bypass! (rc=-19)
[    0.451979] ima: Allocated hash algorithm: sha1
[    0.452544] evm: HMAC attrs: 0x1
[    0.453096]   Magic number: 7:276:998
[    0.453574] i8042 kbd 00:00: hash matches
[    0.454107] rtc_cmos rtc_cmos: setting system clock to 2019-06-27 17:57:38 UTC (1561658258)
[    0.455204] BIOS EDD facility v0.16 2004-Jun-25, 0 devices found
[    0.455882] EDD information not available.
[    0.579208] Freeing unused kernel image memory: 2408K
[    0.592046] Write protecting the kernel read-only data: 20480k
[    0.593531] Freeing unused kernel image memory: 2008K
[    0.594674] Freeing unused kernel image memory: 1872K
[    0.601538] x86/mm: Checked W+X mappings: passed, no W+X pages found.
[    0.602380] x86/mm: Checking user space page tables
[    0.608162] x86/mm: Checked W+X mappings: passed, no W+X pages found.
Loading, please wait...
starting version 237
[    0.658059] Fusion MPT base driver 3.04.20
[    0.658656] Copyright (c) 1999-2008 LSI Corporation
[    0.661759] Fusion MPT SPI Host driver 3.04.20
[    0.663371] e1000: Intel(R) PRO/1000 Network Driver - version 7.3.21-k8-NAPI
[    0.664780] mptbase: ioc0: Initiating bringup
[    0.665863] e1000: Copyright (c) 1999-2006 Intel Corporation.
[    0.682249] AVX2 version of gcm_enc/dec engaged.
[    0.682895] AES CTR mode by8 optimization enabled
[    0.760785] ioc0: LSI53C1030 A0: Capabilities={Initiator}
[    0.882427] input: ImExPS/2 Generic Explorer Mouse as /devices/platform/i8042/serio1/input/input4
[    1.008037] scsi host2: ioc0: LSI53C1030 A0, FwRev=00000000h, Ports=1, MaxQ=256, IRQ=20
[    1.183844] scsi 2:0:0:0: Direct-Access     VBOX     HARDDISK         1.0  PQ: 0 ANSI: 5
[    1.230280] scsi target2:0:0: Beginning Domain Validation
[    1.285790] scsi target2:0:0: Domain Validation skipping write tests
[    1.286567] scsi target2:0:0: Ending Domain Validation
[    1.290941] scsi target2:0:0: asynchronous
[    1.296513] scsi 2:0:1:0: Direct-Access     VBOX     HARDDISK         1.0  PQ: 0 ANSI: 5
[    1.520362] scsi target2:0:1: Beginning Domain Validation
[    1.523067] random: fast init done
[    1.523867] scsi target2:0:1: Domain Validation skipping write tests
[    1.524769] scsi target2:0:1: Ending Domain Validation
[    1.525653] scsi target2:0:1: asynchronous
[    1.529484] random: systemd-udevd: uninitialized urandom read (16 bytes read)
[    1.529561] sd 2:0:0:0: Attached scsi generic sg0 type 0
[    1.529686] sd 2:0:1:0: Attached scsi generic sg1 type 0
[    1.531995] random: systemd-udevd: uninitialized urandom read (16 bytes read)
[    1.532980] random: systemd-udevd: uninitialized urandom read (16 bytes read)
[    1.533041] sd 2:0:0:0: [sda] 20971520 512-byte logical blocks: (10.7 GB/10.0 GiB)
[    1.533063] sd 2:0:1:0: [sdb] 20480 512-byte logical blocks: (10.5 MB/10.0 MiB)
[    1.534016] sd 2:0:1:0: [sdb] Write Protect is off
[    1.534037] sd 2:0:0:0: [sda] Write Protect is off
[    1.536083] sd 2:0:1:0: [sdb] Incomplete mode parameter data
[    1.536084] sd 2:0:1:0: [sdb] Assuming drive cache: write through
[    1.536102] sd 2:0:0:0: [sda] Incomplete mode parameter data
[    1.536103] sd 2:0:0:0: [sda] Assuming drive cache: write through
[    1.541596]  sda: sda1
[    1.549968] e1000 0000:00:03.0 eth0: (PCI:33MHz:32-bit) 02:27:29:89:28:9f
[    1.550840] e1000 0000:00:03.0 eth0: Intel(R) PRO/1000 Network Connection
[    1.551883] sd 2:0:0:0: [sda] Attached SCSI disk
[    1.552632] sd 2:0:1:0: [sdb] Attached SCSI disk
[    1.554152] e1000 0000:00:03.0 enp0s3: renamed from eth0
Begin: Loading essential drivers ... [    2.977872] raid6: sse2x1   gen() 14905 MB/s
[    3.024182] raid6: sse2x1   xor()  9820 MB/s
[    3.072091] raid6: sse2x2   gen() 16598 MB/s
[    3.120175] raid6: sse2x2   xor() 10724 MB/s
[    3.177905] raid6: sse2x4   gen() 23685 MB/s
[    3.224998] raid6: sse2x4   xor() 11854 MB/s
[    3.277828] raid6: avx2x1   gen() 30730 MB/s
[    3.324216] raid6: avx2x1   xor() 18747 MB/s
[    3.377890] raid6: avx2x2   gen() 36942 MB/s
[    3.428059] raid6: avx2x2   xor() 19231 MB/s
[    3.477875] raid6: avx2x4   gen() 30546 MB/s
[    3.524488] raid6: avx2x4   xor() 20913 MB/s
[    3.525087] raid6: using algorithm avx2x2 gen() 36942 MB/s
[    3.525723] raid6: .... xor() 19231 MB/s, rmw enabled
[    3.526323] raid6: using avx2x2 recovery algorithm
[    3.527972] xor: automatically using best checksumming function   avx       
[    3.530177] async_tx: api initialized (async)
done.
Begin: Running /scripts/init-premount ... done.
Begin: Mounting root file system ... Begin: Running /scripts/local-top ... done.
Begin: Running /scripts/local-premount ... [    3.598585] Btrfs loaded, crc32c=crc32c-intel
Scanning for Btrfs filesystems
done.
Warning: fsck not present, so skipping root file system
[    3.636057] EXT4-fs (sda1): mounted filesystem with ordered data mode. Opts: (null)
done.
Begin: Running /scripts/local-bottom ... done.
Begin: Running /scripts/init-bottom ... done.
[    3.847837] ip_tables: (C) 2000-2006 Netfilter Core Team
[    3.858151] systemd[1]: systemd 237 running in system mode. (+PAM +AUDIT +SELINUX +IMA +APPARMOR +SMACK +SYSVINIT +UTMP +LIBCRYPTSETUP +GCRYPT +GNUTLS +ACL +XZ +LZ4 +SECCOMP +BLKID +ELFUTILS +KMOD -IDN2 +IDN -PCRE2 default-hierarchy=hybrid)
[    3.862464] systemd[1]: Detected virtualization oracle.
[    3.863450] systemd[1]: Detected architecture x86-64.

Welcome to [1mUbuntu 18.04.2 LTS[0m!

[    3.871349] systemd[1]: Set hostname to <ubuntu>.
[    3.875734] systemd[1]: Initializing machine ID from random generator.
[    3.877417] systemd[1]: Installed transient /etc/machine-id file.
[    4.098419] systemd[1]: Reached target System Time Synchronized.
[[0;32m  OK  [0m] Reached target System Time Synchronized.
[    4.100244] systemd[1]: Reached target Swap.
[[0;32m  OK  [0m] Reached target Swap.
[    4.103187] systemd[1]: Created slice User and Session Slice.
[[0;32m  OK  [0m] Created slice User and Session Slice.
[    4.104806] systemd[1]: Reached target User and Group Name Lookups.
[[0;32m  OK  [0m] Reached target User and Group Name Lookups.
[[0;32m  OK  [0m] Set up automount Arbitrary Executabâ€¦rmats File System Automount Point.
[[0;32m  OK  [0m] Created slice System Slice.
[[0;32m  OK  [0m] Listening on Device-mapper event daemon FIFOs.
[[0;32m  OK  [0m] Listening on LVM2 metadata daemon socket.
[[0;32m  OK  [0m] Reached target Slices.
[[0;32m  OK  [0m] Created slice system-serial\x2dgetty.slice.
[[0;32m  OK  [0m] Listening on Journal Socket (/dev/log).
[[0;32m  OK  [0m] Listening on LVM2 poll daemon socket.
[[0;32m  OK  [0m] Listening on Network Service Netlink Socket.
[[0;32m  OK  [0m] Listening on udev Kernel Socket.
[[0;32m  OK  [0m] Listening on Syslog Socket.
[[0;32m  OK  [0m] Listening on udev Control Socket.
[[0;32m  OK  [0m] Listening on /dev/initctl Compatibility Named Pipe.
[[0;32m  OK  [0m] Listening on Journal Socket.
         Starting Uncomplicated firewall...
         Mounting Kernel Debug File System...
         Starting Monitoring of LVM2 mirrorsâ€¦ng dmeventd or progress polling...
         Starting udev Coldplug all Devices...
         Starting Create list of required stâ€¦ce nodes for the current kernel...
         Starting Set the console keyboard layout...
         Starting Remount Root and Kernel File Systems...
         Mounting Huge Pages File System...
         Starting Load Kernel Modules...
         Mounting POSIX Message Queue File System...
[[0;32m  OK  [0m] Listening on Journal Audit Socket.
         Starting Journal Service...
[[0;32m  OK  [0m] Started Forward Password Requests to Wall Directory Watch.
[[0;32m  OK  [0m] Started Uncomplicated firewall.
[[0;32m  OK  [0m] Started Create list of required staâ€¦vice nodes for the current kernel.
         Starting Create Static Device Nodes in /dev...
[    4.238981] Loading iSCSI transport class v2.0-870.
[    4.248958] iscsi: registered transport (tcp)
[[0;32m  OK  [0m] Started udev Coldplug all Devices.
[[0;32m  OK  [0m] Started Create Static Device Nodes in /dev.
[    4.329011] iscsi: registered transport (iser)
[[0;32m  OK  [0m] Started Load Kernel Modules.
         Mounting FUSE Control File System...
         Mounting Kernel Configuration File System...
         Starting Apply Kernel Variables...
[[0;32m  OK  [0m] Started Journal Service.
[[0;32m  OK  [0m] Started Apply Kernel Variables.
[[0;32m  OK  [0m] Mounted Kernel Debug File System.
[[0;32m  OK  [0m] Mounted FUSE Control File System.
[[0;32m  OK  [0m] Mounted POSIX Message Queue File System.
[[0;32m  OK  [0m] Started Remount Root and Kernel File Systems.
[[0;32m  OK  [0m] Mounted Huge Pages File System.
[[0;32m  OK  [0m] Mounted Kernel Configuration File System.
         Starting udev Kernel Device Manager...
         Starting Flush Journal to Persistent Storage...
         Starting Load/Save Random Seed...
[[0;32m  OK  [0m] Started LVM2 metadata daemon.
[[0;32m  OK  [0m] Started Load/Save Random Seed.
[[0;32m  OK  [0m] Started udev Kernel Device Manager.
[[0;32m  OK  [0m] Started Monitoring of LVM2 mirrors,â€¦sing dmeventd or progress polling.
[[0;32m  OK  [0m] Started Flush Journal to Persistent Storage.
[[0;32m  OK  [0m] Found device /dev/ttyS0.
[[0;32m  OK  [0m] Listening on Load/Save RF Kill Switch Status /dev/rfkill Watch.
[[0;32m  OK  [0m] Started Set the console keyboard layout.
[[0;32m  OK  [0m] Reached target Local File Systems (Pre).
[[0;32m  OK  [0m] Reached target Local File Systems.
         Starting Tell Plymouth To Write Out Runtime Data...
         Starting Set console font and keymap...
         Starting Create Volatile Files and Directories...
         Starting ebtables ruleset management...
         Starting Commit a transient machine-id on disk...
         Starting AppArmor initialization...
[[0;32m  OK  [0m] Started Dispatch Password Requests to Console Directory Watch.
[[0;32m  OK  [0m] Reached target Local Encrypted Volumes.
[[0;32m  OK  [0m] Started Tell Plymouth To Write Out Runtime Data.
[[0;32m  OK  [0m] Started Set console font and keymap.
[[0;32m  OK  [0m] Started Create Volatile Files and Directories.
         Starting Update UTMP about System Boot/Shutdown...
[[0;32m  OK  [0m] Started Update UTMP about System Boot/Shutdown.
[[0;32m  OK  [0m] Started Commit a transient machine-id on disk.
[[0;32m  OK  [0m] Started ebtables ruleset management.
[[0;32m  OK  [0m] Started AppArmor initialization.
         Starting Initial cloud-init job (pre-networking)...
[    7.367359] cloud-init[675]: Cloud-init v. 19.1-1-gbaa47854-0ubuntu1~18.04.1 running 'init-local' at Thu, 27 Jun 2019 17:57:44 +0000. Up 6.92 seconds.
[[0;32m  OK  [0m] Started Initial cloud-init job (pre-networking).
[[0;32m  OK  [0m] Reached target Network (Pre).
         Starting Network Service...
[[0;32m  OK  [0m] Started Network Service.
         Starting Network Name Resolution...
         Starting Wait for Network to be Configured...
[[0;32m  OK  [0m] Started Network Name Resolution.
[[0;32m  OK  [0m] Reached target Host and Network Name Lookups.
[[0;32m  OK  [0m] Reached target Network.
[[0;32m  OK  [0m] Started Wait for Network to be Configured.
         Starting Initial cloud-init job (metadata service crawler)...
[    9.155605] cloud-init[787]: Cloud-init v. 19.1-1-gbaa47854-0ubuntu1~18.04.1 running 'init' at Thu, 27 Jun 2019 17:57:47 +0000. Up 9.04 seconds.
[    9.156650] cloud-init[787]: ci-info: ++++++++++++++++++++++++++++++++++++++Net device info++++++++++++++++++++++++++++++++++++++
[    9.158082] cloud-init[787]: ci-info: +--------+------+----------------------------+---------------+--------+-------------------+
[    9.159309] cloud-init[787]: ci-info: | Device |  Up  |          Address           |      Mask     | Scope  |     Hw-Address    |
[    9.160420] cloud-init[787]: ci-info: +--------+------+----------------------------+---------------+--------+-------------------+
[    9.161458] cloud-init[787]: ci-info: | enp0s3 | True |         10.0.2.15          | 255.255.255.0 | global | 02:27:29:89:28:9f |
[    9.162515] cloud-init[787]: ci-info: | enp0s3 | True | fe80::27:29ff:fe89:289f/64 |       .       |  link  | 02:27:29:89:28:9f |
[    9.163569] cloud-init[787]: ci-info: |   lo   | True |         127.0.0.1          |   255.0.0.0   |  host  |         .         |
[    9.164618] cloud-init[787]: ci-info: |   lo   | True |          ::1/128           |       .       |  host  |         .         |
[    9.165656] cloud-init[787]: ci-info: +--------+------+----------------------------+---------------+--------+-------------------+
[    9.166689] cloud-init[787]: ci-info: ++++++++++++++++++++++++++++Route IPv4 info+++++++++++++++++++++++++++++
[    9.167541] cloud-init[787]: ci-info: +-------+-------------+----------+-----------------+-----------+-------+
[    9.168369] cloud-init[787]: ci-info: | Route | Destination | Gateway  |     Genmask     | Interface | Flags |
[    9.169198] cloud-init[787]: ci-info: +-------+-------------+----------+-----------------+-----------+-------+
[    9.170018] cloud-init[787]: ci-info: |   0   |   0.0.0.0   | 10.0.2.2 |     0.0.0.0     |   enp0s3  |   UG  |
[    9.170842] cloud-init[787]: ci-info: |   1   |   10.0.2.0  | 0.0.0.0  |  255.255.255.0  |   enp0s3  |   U   |
[    9.171677] cloud-init[787]: ci-info: |   2   |   10.0.2.2  | 0.0.0.0  | 255.255.255.255 |   enp0s3  |   UH  |
[    9.172509] cloud-init[787]: ci-info: +-------+-------------+----------+-----------------+-----------+-------+
[    9.173334] cloud-init[787]: ci-info: +++++++++++++++++++Route IPv6 info+++++++++++++++++++
[    9.174025] cloud-init[787]: ci-info: +-------+-------------+---------+-----------+-------+
[    9.174706] cloud-init[787]: ci-info: | Route | Destination | Gateway | Interface | Flags |
[    9.175365] cloud-init[787]: ci-info: +-------+-------------+---------+-----------+-------+
[    9.176129] cloud-init[787]: ci-info: |   1   |  fe80::/64  |    ::   |   enp0s3  |   U   |
[    9.176838] cloud-init[787]: ci-info: |   3   |    local    |    ::   |   enp0s3  |   U   |
[    9.177533] cloud-init[787]: ci-info: |   4   |   ff00::/8  |    ::   |   enp0s3  |   U   |
[    9.188778] cloud-init[787]: ci-info: +-------+-------------+---------+-----------+-------+
[   10.786483] cloud-init[787]: Generating public/private rsa key pair.
[   10.787204] cloud-init[787]: Your identification has been saved in /etc/ssh/ssh_host_rsa_key.
[   10.788026] cloud-init[787]: Your public key has been saved in /etc/ssh/ssh_host_rsa_key.pub.
[   10.788850] cloud-init[787]: The key fingerprint is:
[   10.789355] cloud-init[787]: SHA256:RZg8iJW67ZvQRPpkeaR1mnt10zruymXWjeSwdFyi1Ys root@ubuntu-bionic
[   10.790189] cloud-init[787]: The key's randomart image is:
[   10.790720] cloud-init[787]: +---[RSA 2048]----+
[   10.791186] cloud-init[787]: |     o.+ o.      |
[   10.791668] cloud-init[787]: |    . o =.     . |
[   10.792142] cloud-init[787]: |     .. o.o   o o|
[   10.792612] cloud-init[787]: |    .o = =   +.+.|
[   10.793093] cloud-init[787]: |    .o* S   =E*..|
[   10.793593] cloud-init[787]: |    .*.. . o B =.|
[   10.794093] cloud-init[787]: |    ..o . . . O o|
[   10.794563] cloud-init[787]: |     ... . . = . |
[   10.795036] cloud-init[787]: |      o.    ooo  |
[   10.795513] cloud-init[787]: +----[SHA256]-----+
[   10.795982] cloud-init[787]: Generating public/private dsa key pair.
[   10.796623] cloud-init[787]: Your identification has been saved in /etc/ssh/ssh_host_dsa_key.
[   10.797437] cloud-init[787]: Your public key has been saved in /etc/ssh/ssh_host_dsa_key.pub.
[   10.798240] cloud-init[787]: The key fingerprint is:
[   10.798735] cloud-init[787]: SHA256:Fz8wb4t/8FSYkD5iRhCLuAb1pprF/G8x3zSN8BvzCEg root@ubuntu-bionic
[   10.799638] cloud-init[787]: The key's randomart image is:
[   10.800094] cloud-init[787]: +---[DSA 1024]----+
[   10.800580] cloud-init[787]: |    .   oo   .   |
[   10.801124] cloud-init[787]: |   . o . .. o    |
[   10.801636] cloud-init[787]: |  . . + ..+. . o |
[   10.802098] cloud-init[787]: |   + +  E =*o o .|
[   10.802563] cloud-init[787]: |    B  .S+.+=+ . |
[   10.803026] cloud-init[787]: |   = .  +..oOoo  |
[   10.803491] cloud-init[787]: |  o   .  +.+.@   |
[   10.803952] cloud-init[787]: |       .. ..+ +  |
[   10.804422] cloud-init[787]: |       ..   ..   |
[   10.804887] cloud-init[787]: +----[SHA256]-----+
[   10.805350] cloud-init[787]: Generating public/private ecdsa key pair.
[   10.805980] cloud-init[787]: Your identification has been saved in /etc/ssh/ssh_host_ecdsa_key.
[   10.806788] cloud-init[787]: Your public key has been saved in /etc/ssh/ssh_host_ecdsa_key.pub.
[   10.807597] cloud-init[787]: The key fingerprint is:
[   10.808131] cloud-init[787]: SHA256:EJL/cnj1mynjLbicRzCPdNViDmnkFo8JAyXHz08VPCI root@ubuntu-bionic
[   10.809036] cloud-init[787]: The key's randomart image is:
[   10.809575] cloud-init[787]: +---[ECDSA 256]---+
[   10.810036] cloud-init[787]: |    ..++=.o. o.. |
[   10.810500] cloud-init[787]: |    .. +.+E== =  |
[   10.810967] cloud-init[787]: |     ..  +=*.+ . |
[   10.811431] cloud-init[787]: |      ..+.= o    |
[   10.811891] cloud-init[787]: |       +SB +     |
[   10.812366] cloud-init[787]: |      o = o o    |
[   10.812831] cloud-init[787]: |       + o   +   |
[   10.813300] cloud-init[787]: |       ...=.+    |
[   10.813769] cloud-init[787]: |        ++.+.    |
[   10.814232] cloud-init[787]: +----[SHA256]-----+
[   10.814690] cloud-init[787]: Generating public/private ed25519 key pair.
[   10.815325] cloud-init[787]: Your identification has been saved in /etc/ssh/ssh_host_ed25519_key.
[   10.816214] cloud-init[787]: Your public key has been saved in /etc/ssh/ssh_host_ed25519_key.pub.
[   10.817063] cloud-init[787]: The key fingerprint is:
[   10.817555] cloud-init[787]: SHA256:eQlPy+Wf8Ptd0DkBOM3M5zn/GhPYU8gBBvS+1NsLGeg root@ubuntu-bionic
[   10.818377] cloud-init[787]: The key's randomart image is:
[   10.818906] cloud-init[787]: +--[ED25519 256]--+
[   10.819367] cloud-init[787]: |         .o.Oo.  |
[   10.819829] cloud-init[787]: |           = *.+ |
[   10.820318] cloud-init[787]: |        . . + =.o|
[   10.820778] cloud-init[787]: |         * *.+ *o|
[   10.821243] cloud-init[787]: |        S *.*.*o+|
[   10.821708] cloud-init[787]: |         ... =oBo|
[   10.822172] cloud-init[787]: |           E.oB +|
[   10.822636] cloud-init[787]: |              .+=|
[   10.823144] cloud-init[787]: |              o+o|
[   10.823683] cloud-init[787]: +----[SHA256]-----+
[[0;32m  OK  [0m] Started Initial cloud-init job (metadata service crawler).
[[0;32m  OK  [0m] Reached target Cloud-config availability.
[[0;32m  OK  [0m] Reached target Network is Online.
         Starting Availability of block devices...
[[0;32m  OK  [0m] Reached target Remote File Systems (Pre).
[[0;32m  OK  [0m] Reached target Remote File Systems.
[[0;32m  OK  [0m] Reached target System Initialization.
[[0;32m  OK  [0m] Started Message of the Day.
[[0;32m  OK  [0m] Started Discard unused blocks once a week.
         Starting LXD - unix socket.
[[0;32m  OK  [0m] Started Daily Cleanup of Temporary Directories.
         Starting Socket activation for snappy daemon.
[[0;32m  OK  [0m] Listening on Open-iSCSI iscsid Socket.
[[0;32m  OK  [0m] Listening on UUID daemon activation socket.
[[0;32m  OK  [0m] Listening on D-Bus System Message Bus Socket.
[[0;32m  OK  [0m] Started Daily apt download activities.
[[0;32m  OK  [0m] Started Daily apt upgrade and clean activities.
[[0;32m  OK  [0m] Listening on ACPID Listen Socket.
[[0;32m  OK  [0m] Started ACPI Events Check.
[[0;32m  OK  [0m] Reached target Timers.
[[0;32m  OK  [0m] Reached target Paths.
[[0;32m  OK  [0m] Listening on LXD - unix socket.
[[0;32m  OK  [0m] Listening on Socket activation for snappy daemon.
[[0;32m  OK  [0m] Reached target Sockets.
[[0;32m  OK  [0m] Reached target Basic System.
[[0;32m  OK  [0m] Started FUSE filesystem for LXC.
         Starting Virtualbox guest utils...
         Starting Pollinate to seed the pseudo random number generator...
[[0;32m  OK  [0m] Started Deferred execution scheduler.
         Starting LSB: Record successful boot for GRUB...
         Starting LSB: automatic crash report generation...
         Starting Dispatcher daemon for systemd-networkd...
[[0;32m  OK  [0m] Started irqbalance daemon.
[[0;32m  OK  [0m] Started Regular background program processing daemon.
[[0;32m  OK  [0m] Started D-Bus System Message Bus.
         Starting Accounts Service...
         Starting System Logging Service...
         Starting Permit User Sessions...
         Starting Login Service...
         Starting Snappy daemon...
         Starting LXD - container startup/shutdown...
[[0;32m  OK  [0m] Started System Logging Service.
[[0;32m  OK  [0m] Started Availability of block devices.
[[0;32m  OK  [0m] Started Permit User Sessions.
         Starting Terminate Plymouth Boot Screen...
         Starting Hold until boot process finishes up...
[[0;32m  OK  [0m] Started Hold until boot process finishes up.
         Starting Set console scheme...
[[0;32m  OK  [0m] Started Serial Getty on ttyS0.
[[0;32m  OK  [0m] Started Terminate Plymouth Boot Screen.
[[0;32m  OK  [0m] Started Login Service.
[[0;32m  OK  [0m] Started Unattended Upgrades Shutdown.
[[0;32m  OK  [0m] Started Set console scheme.
[[0;32m  OK  [0m] Created slice system-getty.slice.
[[0;32m  OK  [0m] Started Getty on tty1.
[[0;32m  OK  [0m] Reached target Login Prompts.
         Starting Authorization Manager...
[[0;32m  OK  [0m] Started LSB: automatic crash report generation.
[[0;32m  OK  [0m] Started LSB: Record successful boot for GRUB.
[[0;32m  OK  [0m] Started Authorization Manager.
[[0;32m  OK  [0m] Started Accounts Service.
[[0;32m  OK  [0m] Started Virtualbox guest utils.
[[0;32m  OK  [0m] Started LXD - container startup/shutdown.
[[0;32m  OK  [0m] Started Dispatcher daemon for systemd-networkd.
[[0;32m  OK  [0m] Started Snappy daemon.
         Starting Wait until snapd is fully seeded...
[[0;32m  OK  [0m] Started Pollinate to seed the pseudo random number generator.
         Starting OpenBSD Secure Shell server...
[[0;32m  OK  [0m] Started OpenBSD Secure Shell server.
[[0;32m  OK  [0m] Created slice User Slice of vagrant.
         Starting User Manager for UID 1000...
[[0;32m  OK  [0m] Started Session 1 of user vagrant.
[[0;32m  OK  [0m] Started User Manager for UID 1000.
[[0;32m  OK  [0m] Started Wait until snapd is fully seeded.
         Starting Apply the settings specified in cloud-config...
[[0;32m  OK  [0m] Reached target Multi-User System.
[[0;32m  OK  [0m] Reached target Graphical Interface.
         Starting Update UTMP about System Runlevel Changes...
[[0;32m  OK  [0m] Started Update UTMP about System Runlevel Changes.
[   14.717866] cloud-init[1410]: Cloud-init v. 19.1-1-gbaa47854-0ubuntu1~18.04.1 running 'modules:config' at Thu, 27 Jun 2019 17:57:52 +0000. Up 14.42 seconds.
[[0;32m  OK  [0m] Started Apply the settings specified in cloud-config.
         Starting Execute cloud user/final scripts...
ci-info: no authorized ssh keys fingerprints found for user ubuntu.
<14>Jun 27 17:57:53 ec2: 
<14>Jun 27 17:57:53 ec2: #############################################################
<14>Jun 27 17:57:53 ec2: -----BEGIN SSH HOST KEY FINGERPRINTS-----
<14>Jun 27 17:57:53 ec2: 1024 SHA256:Fz8wb4t/8FSYkD5iRhCLuAb1pprF/G8x3zSN8BvzCEg root@ubuntu-bionic (DSA)
<14>Jun 27 17:57:53 ec2: 256 SHA256:EJL/cnj1mynjLbicRzCPdNViDmnkFo8JAyXHz08VPCI root@ubuntu-bionic (ECDSA)
<14>Jun 27 17:57:53 ec2: 256 SHA256:eQlPy+Wf8Ptd0DkBOM3M5zn/GhPYU8gBBvS+1NsLGeg root@ubuntu-bionic (ED25519)
<14>Jun 27 17:57:53 ec2: 2048 SHA256:RZg8iJW67ZvQRPpkeaR1mnt10zruymXWjeSwdFyi1Ys root@ubuntu-bionic (RSA)
<14>Jun 27 17:57:53 ec2: -----END SSH HOST KEY FINGERPRINTS-----
<14>Jun 27 17:57:53 ec2: #############################################################
-----BEGIN SSH HOST KEY KEYS-----
ecdsa-sha2-nistp256 AAAAE2VjZHNhLXNoYTItbmlzdHAyNTYAAAAIbmlzdHAyNTYAAABBBETd0dwo5IV5A2SMMbH5DBCsMRkArzYtPh/uyJj/f86ZeQuMqVMUxxMjlsRgwfCZk4W1m/fSW1F6+PM9J3my+Ok= root@ubuntu-bionic
ssh-ed25519 AAAAC3NzaC1lZDI1NTE5AAAAIBbk4t3AY5SW0Gr/Rd3rzfaXa39Oe+de3gUQwN5vMTrA root@ubuntu-bionic
ssh-rsa AAAAB3NzaC1yc2EAAAADAQABAAABAQDYxeboz7unByaq1k02CZJbHSdoiJIQCMD6SiG8Xp6LDcMclY1XDi15OyYrMIIG3ty3ou0tWXVGUPy+0by9XNuA+/fCEx1mFexbDKWL4K7tG7ipVEz1nwf4dcyipgydlvK1exbmv/Tg3uHz22WecONY/1RB59vL5q9BQUcSLAYDltnX0MCYaSdvqDrsDR9LC7+IMPrGf2xMNdZMm3rzfggSDXHXRctIpCxJ5g7PmbedexIstgUrx2gwR4t+SAPCtA04vOSPR388M+IpQyb1nbFKbPcXWNawAV5xR9vL/kII+rS81mpu9bwaMjBpqtznAbCk+ypSOPcDgYFlmSeheIVv root@ubuntu-bionic
-----END SSH HOST KEY KEYS-----
[   15.231955] cloud-init[1487]: Cloud-init v. 19.1-1-gbaa47854-0ubuntu1~18.04.1 running 'modules:final' at Thu, 27 Jun 2019 17:57:53 +0000. Up 15.10 seconds.
[   15.233499] cloud-init[1487]: ci-info: no authorized ssh keys fingerprints found for user ubuntu.
[   15.234478] cloud-init[1487]: Cloud-init v. 19.1-1-gbaa47854-0ubuntu1~18.04.1 finished at Thu, 27 Jun 2019 17:57:53 +0000. Datasource DataSourceNoCloud [seed=/dev/sdb][dsmode=net].  Up 15.22 seconds
[[0;32m  OK  [0m] Started Execute cloud user/final scripts.
[[0;32m  OK  [0m] Reached target Cloud-init target.

Ubuntu 18.04.2 LTS ubuntu-bionic ttyS0

ubuntu-bionic login: [9260407801.783521] systemd[1]: systemd-resolved.service: Watchdog timeout (limit 3[9260413375.350098] systemd[1]: systemd-resolved.service: Watchdog timeout (limit 3min)!
[9260413375.352154] systemd[1]: systemd-networkd.service: Watchdog timeout (limit 3min)!
